CP047902.1 Cryptococcus neoformans var. grubii H99 chromosome 01	1
CP061875.1 Alternaria alternata strain Z7 chromosome 1, complete sequence	1
CP012823.1 Saccharomycopsis fibuligera strain KPH12 chromosome 1, complete sequence	9
CP059658.1 Rhizoctonia solani strain AG-1 IA isolate XN chromosome 1	1
CP089100.1 Saccharomyces cerevisiae strain S288C-SK1-cross isolate tetrad 12 spore a chromosome I	6
CP020875.1 Trichoderma reesei strain CBS999.97 chromosome I, complete sequence	1
CP003009.1 Thielavia terrestris NRRL 8126 chromosome 1, complete sequence	12
CP090030.1 Fusarium solani-melongenae strain CRI 24-3 chromosome 1	1
CP050920.1 Pyricularia oryzae strain LpKY97 chromosome 1	4
CP010913.1 Sporisorium scitamineum strain SSC39 chromosome 1, complete sequence	4
CP014501.1 Sugiyamaella lignohabitans strain CBS 10342 chromosome A, complete sequence	1
CP060568.1 Pyrenophora teres f. maculata isolate P-A14 chromosome 1	1
CP098305.1 Epichloe typhina strain Pt1807_3 chromosome 1	3
CP017344.1 Talaromyces pinophilus strain 1-95 chromosome 1, complete sequence	3
CP050652.1 [Candida] auris isolate B13463 chromosome 1	4
CP024751.1 Hyphopichia pseudoburtonii isolate makgeolli chromosome 1, complete sequence	17
OU830638.1 Neonectria neomacrospora isolate KNNDK1 genome assembly, chromosome: 1	2
CP019490.1 Zygosaccharomyces parabailii strain ATCC 60483 chromosome 1, complete sequence	5
CP071493.1 Podospora comata strain Wa139- chromosome 1, complete sequence	3
CP003002.1 Myceliophthora thermophila ATCC 42464 chromosome 1, complete sequence	7
CP087206.1 Neofusicoccum parvum strain DUCC19944 chromosome 1	1
CP060774.1 Penicillium digitatum strain PdW03 chromosome 1	1
CP046234.1 Malassezia furfur isolate CBS14141 chromosome 1	1
AP024425.1 Aspergillus luchuensis IFO 4308 DNA, chromosome 1, nearly complete sequence	5
CP034370.1 Exophiala lecanii-corni strain CBS 102400 chromosome 1, complete sequence	1
CP086714.1 Vanrija pseudolonga isolate DUCC4014 chromosome 1	2
CP061804.2 Aspergillus flavus strain CA14 chromosome 1	1
LT986461.1 Saccharomyces jurei genome assembly, chromosome: I.1_XIII.2	1
CP054627.1 Exserohilum turcica Et28A chromosome 1	13
CP064896.1 Chrysoporthe sp. MAF-2017a isolate CMW54409 chromosome 1	15
CP069114.1 Histoplasma capsulatum strain WU24 chromosome 1	23
CP034204.1 Pyricularia oryzae isolate MZ5-1-6 chromosome 1, complete sequence	4
CP036215.1 Cercospora sojina strain RACE15 chromosome I, complete sequence	2
AP024443.1 Aspergillus puulaauensis MK2 DNA, chromosome 1, nearly complete sequence	1
CP035530.1 Aspergillus sojae strain SMF134 chromosome 1	2
CP052038.1 Fusarium oxysporum Fo47 chromosome I	2
FM992695.1 Candida dubliniensis CD36 chromosome R, complete sequence	10
CP058932.1 Metarhizium brunneum strain 4556 chromosome 1, complete sequence	3
CP049821.1 Apiotrichum mycotoxinovorans strain GMU1709 chromosome I	8
CP090163.1 Fulvia fulva strain Race5_Kim chromosome 1	1
CP088206.1 Immersiporthe knoxdaviesiana isolate CMW 37318 chromosome 1	35
CP025321.1 Saccharomycopsis malanga strain KCN26 chromosome 1	5
CP015054.1 Kluyveromyces marxianus strain FIM1 chromosome 1, partial sequence	1
CP087871.1 Fusarium graminearum strain PH-1 chromosome 1	1
CP084943.1 Trichoderma asperellum strain FT101 chromosome 1	6
CP030251.1 Malassezia restricta strain KCTC 27527 chromosome I, complete sequence	1
CP021088.1 Pichia kudriavzevii strain SJP chromosome 1	1
CP034261.1 Cryptococcus wingfieldii strain CBS7118 chromosome 1, complete sequence	3
CP063271.1 Saccharomyces cerevisiae strain IMF17 chromosome neo, complete sequence	142
CP064753.1 Fusarium pseudograminearum strain Class2-1C chromosome 1	1
CP027647.1 Torulaspora delbrueckii strain COFT1 chromosome 1, complete sequence	2
CP048230.1 [Candida] glabrata strain BG2 chromosome A	1
AP014599.1 Kluyveromyces marxianus DNA, chromosome 1, complete genome, strain: NBRC 1777	2
CP019471.1 Colletotrichum lupini strain IMI 504893 chromosome 1, complete sequence	7
CP098281.1 Epichloe gansuensis strain e7080 chromosome 1	4
CP045886.1 Beauveria bassiana strain HN6 chromosome 1	3
CP009805.1 Botrytis cinerea B05.10 chromosome BCIN01, complete sequence	9
CP047249.1 Aspergillus flavus strain SU-16 chromosome 1	1
CP061980.1 Aureobasidium melanogenum strain TN3-1 chromosome 1	6
CP060299.1 Anthracocystis panici-leucophaei strain SPL10 chromosome 1	5
CP072753.1 Ustilaginoidea virens strain UV-8b chromosome 1	11
CP042185.1 Venturia effusa strain albino chromosome 1, complete sequence	2
CP048715.1 Cyberlindnera fabianii isolate JOY008 chromosome 1	1
AP024416.1 Aspergillus chevalieri M1 DNA, chromosome 1, nearly complete sequence	1
CP085825.1 Calonectria ilicicola strain GDYJ169 chromosome 1	2
CP069137.1 Verticillium nonalfalfae strain WCS 072 chromosome 1	6
CP086354.1 Purpureocillium takamizusanense strain PT3 chromosome 1	2
LT558137.1 Ustilago bromivora strain UB2112 genome assembly, chromosome: XXI	3
CP024759.1 Hyphopichia burtonii isolate makgeolli chromosome 1	3
CP017553.1 Yarrowia lipolytica strain CLIB89(W29) chromosome 1A, complete sequence	3
CP015868.1 Talaromyces marneffei strain TM4 chromosome 1, complete sequence	1
CP088335.1 Penicillium oxalicum strain CCTCC M 20211309 chromosome I	2
CP097975.1 Epichloe brachyelytri strain E1124 chromosome 1	3
CP023328.1 Cordyceps militaris strain ATCC 34164 chromosome I, complete sequence	6
CP051139.1 Peltaster fructicola strain LNHT1506 chromosome 1	3
OU755535.1 Leishmania major strain Friedlin genome assembly, chromosome: 1	40
LR865379.1 Plasmodium vinckei brucechwatti genome assembly, chromosome: PVBDA_01	1
CP029500.1 Leishmania donovani strain LdCL chromosome LdCL_01, complete sequence	2
OU830652.1 Trypanosoma evansi genome assembly, chromosome: STIB805_01	6
CP027807.1 Leishmania infantum strain TR01 isolate Lin_TR01 chromosome 1, complete sequence	1
LR215057.1 Plasmodium vinckei vinckei genome assembly, chromosome: PVVCY_01	2
CP040129.1 Leishmania amazonensis strain UA301 chromosome 1	2
LM993655.2 Plasmodium yoelii strain 17X genome assembly, chromosome: 1	18
FR796397.1 Leishmania major strain Friedlin complete genome, chromosome 1	1
LR131290.1 Plasmodium falciparum genome assembly, chromosome: 1	125
LS997600.1 Leishmania braziliensis MHOM/BR/75/M2904 genome assembly, chromosome: 1	5
LR877145.1 Angomonas deanei strain Crithidia deanei Carvalho (ATCC PRA-265) genome assembly, chromosome: 01	4
CP062075.1 Naegleria fowleri strain Ty chromosome I	2
AL844501.2 Plasmodium falciparum 3D7 genome assembly, chromosome: 1	24
LR812621.1 Leishmania donovani genome assembly, chromosome: 1	17
AP011946.1 Theileria orientalis strain Shintoku DNA, chromosome 1, complete genome	1
LR812934.1 Leishmania infantum genome assembly, chromosome: 1	1
